// Jest Snapshot v1, https://goo.gl/fbAQLP

exports[`ProfileNotFound should create snapshot 1`] = `
<div
  className="profileNotFound flex justify-center items-center"
>
  <div
    className="notFoundContainer"
  >
    <div
      className="details"
    >
      <div
        className="notFoundImage"
      >
        <img
          alt="profile not found"
          src="profileNotFound.png"
        />
      </div>
      <div
        className="message text-center my-5 font-bold"
      >
        Profile is not available
      </div>
    </div>
    <div
      className="my-5 w-full"
    >
      <button
        className="flex items-center justify-center text-center w-full"
        id="goBack"
        onClick={[Function]}
        style={
          Object {
            "border": "none",
            "color": "#b3adad",
            "outline": "none",
          }
        }
        type="button"
      >
        <svg
          aria-hidden={true}
          className="MuiSvgIcon-root"
          focusable="false"
          viewBox="0 0 24 24"
        >
          <path
            d="M20 11H7.83l5.59-5.59L12 4l-8 8 8 8 1.41-1.41L7.83 13H20v-2z"
          />
        </svg>
        <h5
          className="mx-3 text-sm"
        >
          go to dashboard
        </h5>
      </button>
    </div>
  </div>
</div>
`;
