// Jest Snapshot v1, https://goo.gl/fbAQLP

exports[`\`EmploymentHistoryList\` component should create snapshot 1`] = `null`;
