// Jest Snapshot v1, https://goo.gl/fbAQLP

exports[`\`EmploymentHistory\` component should create snapshot 1`] = `
<section
  className="employment-history-section w-1/3 m-auto text-gray-texts"
>
  <div
    className="flex relative h-auto my-8"
  >
    <div
      className="back-arrow cursor-pointer"
      onClick={[Function]}
    >
      <svg
        aria-hidden={true}
        className="MuiSvgIcon-root"
        focusable="false"
        viewBox="0 0 24 24"
      >
        <path
          d="M20 11H7.83l5.59-5.59L12 4l-8 8 8 8 1.41-1.41L7.83 13H20v-2z"
        />
      </svg>
    </div>
    <h1
      className="font-bold text-xl title"
    >
      Employment History Review
    </h1>
  </div>
  <div
    className="text-gray-texts mt-8 border border-gray-borders card"
  >
    <div
      className=" text-white font-bold py-3 px-4 card-title"
    >
      Company
    </div>
    <div
      className="py-3 px-4 card-content"
    >
      snow
    </div>
  </div>
  <div
    className="text-gray-texts mt-4 border border-gray-borders card"
  >
    <div
      className=" text-white font-bold py-3 px-4 card-title"
    >
      Supervisor
    </div>
    <div
      className="py-3 px-4 card-content"
    />
  </div>
  <div
    className="text-gray-texts mt-4 border border-gray-borders card"
  >
    <div
      className=" text-white font-bold py-3 px-4 card-title"
    >
      Duration
    </div>
    <div
      className="py-3 px-4 card-content"
    >
      Mon Oct 05 2020
       to
       
    </div>
  </div>
  <div
    className="text-gray-texts mt-4 border border-gray-borders card"
  >
    <div
      className=" text-white font-bold py-3 px-4 card-title"
    >
      Responsibilities
    </div>
    <div
      className="py-3 px-4 card-content"
    >
      <p>
        - 
        res
      </p>
    </div>
  </div>
  <div
    className="text-gray-texts mt-4 border border-gray-borders card"
  >
    <div
      className=" text-white font-bold py-3 px-4 card-title"
    >
      Accomplishments
    </div>
    <div
      className="py-3 px-4 card-content"
    >
      <p>
        - 
        res
      </p>
    </div>
  </div>
  <div
    className="text-gray-texts mt-4 border border-gray-borders card"
  >
    <div
      className=" text-white font-bold py-3 px-4 card-title"
    >
      Favorite Project
    </div>
    <div
      className="py-3 px-4 card-content"
    >
      res
    </div>
  </div>
  <div
    className="flex justify-center mt-12"
  >
    <button
      className="add-employer-btn text-white hover:bg-gray-800 font-semibold py-1 px-3 w-64 rounded-sm shadow flex justify-around"
      data-testid="next-button"
      onClick={[Function]}
      type="button"
    >
      <span
        className=""
      >
        Add another employer
      </span>
      <svg
        aria-hidden={true}
        className="MuiSvgIcon-root"
        focusable="false"
        viewBox="0 0 24 24"
      >
        <path
          d="M13 7h-2v4H7v2h4v4h2v-4h4v-2h-4V7zm-1-5C6.48 2 2 6.48 2 12s4.48 10 10 10 10-4.48 10-10S17.52 2 12 2zm0 18c-4.41 0-8-3.59-8-8s3.59-8 8-8 8 3.59 8 8-3.59 8-8 8z"
        />
      </svg>
    </button>
  </div>
  <div
    className="flex justify-center mt-12"
  >
    <button
      className="next-btn text-white hover:bg-gray-800 font-semibold py-1 px-3 w-32 rounded-sm shadow flex justify-around"
      data-testid="next-button"
      onClick={[Function]}
      type="button"
    >
      <span
        className=""
      >
        Next
      </span>
       
      <svg
        aria-hidden={true}
        className="MuiSvgIcon-root"
        focusable="false"
        viewBox="0 0 24 24"
      >
        <path
          d="M16.01 11H4v2h12.01v3L20 12l-3.99-4v3z"
        />
      </svg>
    </button>
  </div>
</section>
`;
