// Jest Snapshot v1, https://goo.gl/fbAQLP

exports[`\`MainBackground\` should render correctly 1`] = `
<div
  className="mainBackground"
>
  <img
    alt=""
    src="motif-image.png"
    style={
      Object {
        "backgroundColor": "none",
      }
    }
  />
</div>
`;
