// Jest Snapshot v1, https://goo.gl/fbAQLP

exports[`\`StandardBilling\` component matches the snapshot 1`] = `
Array [
  <nav
    className="flex items-center bg-white-800 px-20 py-5 flex-wrap"
    style={
      Object {
        "background": "white",
      }
    }
  >
    <a
      className="text-gray-800"
      href="/"
      onClick={[Function]}
    >
      <img
        alt="logo"
        className="logo w-24"
        src="logo-image.png"
      />
    </a>
    <div
      className="hidden top-navbar w-full lg:inline-flex lg:flex-grow lg:w-auto"
      id="navigation"
    >
      <div
        className="lg:inline-flex lg:flex-row lg:ml-auto lg:w-auto w-full lg:items-center items-start flex flex-col lg:h-auto"
      >
        <div>
          <a
            className="lg:inline-flex lg:w-auto w-full px-8 py-2 rounded text-gray-600 items-center justify-center hover:text-gray-700"
            href="/"
            onClick={[Function]}
          >
            <span>
              How it works
            </span>
          </a>
          <a
            className="lg:inline-flex lg:w-auto w-full px-8 py-2 rounded text-gray-600 items-center justify-center hover:text-gray-700"
            href="/"
            onClick={[Function]}
          >
            <span>
              About us
            </span>
          </a>
        </div>
        <a
          className="lg:inline-flex lg:w-auto w-full px-8 py-2 rounded text-gray-600 items-center justify-center hover:text-gray-700"
          href="/login"
          onClick={[Function]}
        >
          <span>
            Login
          </span>
        </a>
        <button
          className="lg:inline-flex lg:w-auto w-full px-8 py-2 rounded items-center justify-center bg-blue-700 hover:bg-blue-800 text-white"
          onClick={[Function]}
          type="button"
        >
          <span>
            Get started
          </span>
        </button>
      </div>
    </div>
  </nav>,
  <section
    className="standard-billing-section m-auto text-gray-texts"
  >
    <div
      className="flex relative h-auto my-8"
    >
      <div
        className="back-arrow cursor-pointer"
      >
        <svg
          aria-hidden={true}
          className="MuiSvgIcon-root"
          focusable="false"
          onClick={[Function]}
          viewBox="0 0 24 24"
        >
          <path
            d="M20 11H7.83l5.59-5.59L12 4l-8 8 8 8 1.41-1.41L7.83 13H20v-2z"
          />
        </svg>
      </div>
      <h1
        className="font-bold text-xl title"
      >
        Standard Billing Options
      </h1>
    </div>
    <div
      className="text-gray-texts mt-8 py-1 card"
    >
      <div
        className="font-bold py-3 px-16 check-icon"
      >
        <svg
          aria-hidden={true}
          className="MuiSvgIcon-root text-green-700"
          focusable="false"
          viewBox="0 0 24 24"
        >
          <path
            d="M9 16.17L4.83 12l-1.42 1.41L9 19 21 7l-1.41-1.41z"
          />
        </svg>
      </div>
      <div
        className="py-3 card-content"
      >
        <h3
          className="-ml-1 font-bold text-green-700 card-title"
        >
          Some feature name
        </h3>
        <div
          className="text-gray-texts mt-1 card-description"
        >
          <svg
            aria-hidden={true}
            className="MuiSvgIcon-root -ml-8 mr-2 MuiSvgIcon-fontSizeSmall"
            focusable="false"
            viewBox="0 0 24 24"
          >
            <path
              d="M11 7h2v2h-2zm0 4h2v6h-2zm1-9C6.48 2 2 6.48 2 12s4.48 10 10 10 10-4.48 10-10S17.52 2 12 2zm0 18c-4.41 0-8-3.59-8-8s3.59-8 8-8 8 3.59 8 8-3.59 8-8 8z"
            />
          </svg>
          Some details are being written here
        </div>
      </div>
    </div>
    <div
      className="w-3/4 mx-auto my-8 bottom-card"
    >
      <div
        className="flex justify-between w-full"
      >
        <div
          className="pricing"
        >
          <div
            className="flex justify-start items-center"
          >
            <span>
              Yearly
            </span>
          </div>
          <button
            className="monthly w-full text-white py-2 mt-1 flex justify-center"
            onClick={[Function]}
            type="button"
          >
            <span>
              9.99
            </span>
          </button>
        </div>
        <div
          className="pricing"
        >
          <div
            className="flex justify-start items-center"
          >
            <span>
              Annual 15% Discount
            </span>
          </div>
          <button
            className="annually w-full text-white py-2 mt-1 flex justify-center relative"
            onClick={[Function]}
            type="button"
          >
            <span>
              9.99
            </span>
            <svg
              aria-hidden={true}
              className="MuiSvgIcon-root absolute top-0 right-0 MuiSvgIcon-fontSizeLarge"
              focusable="false"
              viewBox="0 0 24 24"
            >
              <path
                d="M19.59 7L12 14.59 6.41 9H11V7H3v8h2v-4.59l7 7 9-9z"
              />
            </svg>
          </button>
        </div>
      </div>
      <input
        className="w-full py-2 mt-3 flex justify-center promo-code"
        onChange={[Function]}
        placeholder="Promo Code"
        type="text"
      />
      <button
        className="w-full border-none outline-none rounded-sm mt-4 font-bold"
        onClick={[Function]}
        style={
          Object {
            "background": "#545454",
            "color": "white",
            "height": "50px",
          }
        }
        type="button"
      >
        Next
      </button>
    </div>
  </section>,
  <div
    className="mainBackground"
  >
    <img
      alt=""
      src="motif-image.png"
      style={
        Object {
          "backgroundColor": "none",
        }
      }
    />
  </div>,
]
`;
