// Jest Snapshot v1, https://goo.gl/fbAQLP

exports[`\`NavBar\` component matches the snapshot 1`] = `
<nav
  className="flex items-center bg-white-800 px-20 py-5 flex-wrap"
>
  <a
    className="text-gray-800"
    href="/"
    onClick={[Function]}
  >
    <img
      alt="logo"
      className="logo w-24"
      src="logo-image.png"
    />
  </a>
  <div
    className="hidden top-navbar w-full lg:inline-flex lg:flex-grow lg:w-auto"
    id="navigation"
  >
    <div
      className="lg:inline-flex lg:flex-row lg:ml-auto lg:w-auto w-full lg:items-center items-start flex flex-col lg:h-auto"
    >
      <div>
        <a
          className="lg:inline-flex lg:w-auto w-full px-8 py-2 rounded text-gray-600 items-center justify-center hover:text-gray-700"
          href="/"
          onClick={[Function]}
        >
          <span>
            How it works
          </span>
        </a>
        <a
          className="lg:inline-flex lg:w-auto w-full px-8 py-2 rounded text-gray-600 items-center justify-center hover:text-gray-700"
          href="/"
          onClick={[Function]}
        >
          <span>
            About us
          </span>
        </a>
      </div>
      <a
        className="lg:inline-flex lg:w-auto w-full px-8 py-2 rounded text-gray-600 items-center justify-center hover:text-gray-700"
        href="/login"
        onClick={[Function]}
      >
        <span>
          Login
        </span>
      </a>
      <button
        className="lg:inline-flex lg:w-auto w-full px-8 py-2 rounded items-center justify-center bg-blue-700 hover:bg-blue-800 text-white"
        onClick={[Function]}
        type="button"
      >
        <span>
          Get started
        </span>
      </button>
    </div>
  </div>
</nav>
`;

exports[`\`NavBar\` component matches the snapshot on a small screen 1`] = `
<nav
  className="flex items-center bg-white-800 px-20 py-5 flex-wrap"
>
  <a
    className="text-gray-800"
    href="/"
    onClick={[Function]}
  >
    <img
      alt="logo"
      className="logo w-24"
      src="logo-image.png"
    />
  </a>
  <div
    className="hidden top-navbar w-full lg:inline-flex lg:flex-grow lg:w-auto"
    id="navigation"
  >
    <div
      className="lg:inline-flex lg:flex-row lg:ml-auto lg:w-auto w-full lg:items-center items-start flex flex-col lg:h-auto"
    >
      <div>
        <a
          className="lg:inline-flex lg:w-auto w-full px-8 py-2 rounded text-gray-600 items-center justify-center hover:text-gray-700"
          href="/"
          onClick={[Function]}
        >
          <span>
            How it works
          </span>
        </a>
        <a
          className="lg:inline-flex lg:w-auto w-full px-8 py-2 rounded text-gray-600 items-center justify-center hover:text-gray-700"
          href="/"
          onClick={[Function]}
        >
          <span>
            About us
          </span>
        </a>
      </div>
      <a
        className="lg:inline-flex lg:w-auto w-full px-8 py-2 rounded text-gray-600 items-center justify-center hover:text-gray-700"
        href="/login"
        onClick={[Function]}
      >
        <span>
          Login
        </span>
      </a>
      <button
        className="lg:inline-flex lg:w-auto w-full px-8 py-2 rounded items-center justify-center bg-blue-700 hover:bg-blue-800 text-white"
        onClick={[Function]}
        type="button"
      >
        <span>
          Get started
        </span>
      </button>
    </div>
  </div>
</nav>
`;
