// Jest Snapshot v1, https://goo.gl/fbAQLP

exports[`Account Process it should create snapshot 1`] = `null`;
