// Jest Snapshot v1, https://goo.gl/fbAQLP

exports[`List Item should create snapshot 1`] = `
<div
  className="listItems"
>
  <ul
    className="p-0 m-2 bg-card-preview"
  >
    <li
      className="py-2 py-2 rounded-sm"
    >
      <h5>
        name
      </h5>
      <div
        className="selectItems"
      >
        <select
          onChange={[Function]}
          value="status"
        >
          <option
            value="Verified"
          >
            Verified
          </option>
          <option
            value="Not Verified"
          >
            Not Verified
          </option>
        </select>
        <span
          className="customArrow"
        >
          <svg
            aria-hidden={true}
            className="MuiSvgIcon-root"
            focusable="false"
            viewBox="0 0 24 24"
          >
            <path
              d="M7 10l5 5 5-5z"
            />
          </svg>
        </span>
      </div>
    </li>
  </ul>
</div>
`;
