// Jest Snapshot v1, https://goo.gl/fbAQLP

exports[`HrAdmin it should create snapshot 1`] = `
<div
  className="adminLayout"
>
  <nav
    className="flex items-center bg-white-800 px-20 py-5 flex-wrap"
    style={
      Object {
        "background": "white",
      }
    }
  >
    <a
      className="text-gray-800"
      href="/"
      onClick={[Function]}
    >
      <img
        alt="logo"
        className="logo w-24"
        src="logo-image.png"
      />
    </a>
    <div
      className="hidden top-navbar w-full lg:inline-flex lg:flex-grow lg:w-auto"
      id="navigation"
    >
      <div
        className="lg:inline-flex lg:flex-row lg:ml-auto lg:w-auto w-full lg:items-center items-start flex flex-col lg:h-auto"
      >
        <div>
          <a
            className="lg:inline-flex lg:w-auto w-full px-8 py-2 rounded text-gray-600 items-center justify-center hover:text-gray-700"
            href="/"
            onClick={[Function]}
          >
            <span>
              How it works
            </span>
          </a>
          <a
            className="lg:inline-flex lg:w-auto w-full px-8 py-2 rounded text-gray-600 items-center justify-center hover:text-gray-700"
            href="/"
            onClick={[Function]}
          >
            <span>
              About us
            </span>
          </a>
        </div>
        <div
          className="lg:inline-flex items-center undefined"
        >
          <div
            className="makeStyles-root-2"
          >
            <div>
              <div
                aria-haspopup="true"
                className="profile-container"
                onClick={[Function]}
                onTouchEnd={[Function]}
              >
                <div
                  aria-haspopup="true"
                  onClick={[Function]}
                >
                  <img
                    alt="avatar"
                    className="inline-block ml-2 h-12 w-12 rounded-full text-white shadow-solid cursor-pointer"
                    src="https://cdn.pixabay.com/photo/2015/10/05/22/37/blank-profile-picture-973460_960_720.png"
                  />
                </div>
                <div
                  className="header-popup tri-left border right-top hide"
                >
                  <ul
                    className="MuiList-root MuiList-padding"
                    onKeyDown={[Function]}
                    role="menu"
                    tabIndex={-1}
                  >
                    <li
                      aria-disabled={false}
                      className="MuiButtonBase-root MuiListItem-root MuiMenuItem-root text-gray-600 MuiMenuItem-gutters MuiListItem-gutters MuiListItem-button"
                      onBlur={[Function]}
                      onClick={[Function]}
                      onDragLeave={[Function]}
                      onFocus={[Function]}
                      onKeyDown={[Function]}
                      onKeyUp={[Function]}
                      onMouseDown={[Function]}
                      onMouseLeave={[Function]}
                      onMouseUp={[Function]}
                      onTouchEnd={[Function]}
                      onTouchMove={[Function]}
                      onTouchStart={[Function]}
                      role="menuitem"
                      tabIndex={0}
                    >
                      <div
                        className="text-gray-600 w-56 space-x-3 text-sm py-2"
                        onClick={[Function]}
                      >
                        <svg
                          aria-hidden={true}
                          className="MuiSvgIcon-root"
                          focusable="false"
                          viewBox="0 0 24 24"
                        >
                          <path
                            d="M13 3h-2v10h2V3zm4.83 2.17l-1.42 1.42C17.99 7.86 19 9.81 19 12c0 3.87-3.13 7-7 7s-7-3.13-7-7c0-2.19 1.01-4.14 2.58-5.42L6.17 5.17C4.23 6.82 3 9.26 3 12c0 4.97 4.03 9 9 9s9-4.03 9-9c0-2.74-1.23-5.18-3.17-6.83z"
                          />
                        </svg>
                        <span>
                          Logout
                        </span>
                      </div>
                      <span
                        className="MuiTouchRipple-root"
                      />
                    </li>
                  </ul>
                </div>
              </div>
            </div>
          </div>
        </div>
      </div>
    </div>
  </nav>
  <div
    className="px-20"
    style={
      Object {
        "paddingLeft": "6rem",
        "paddingRight": "6rem",
        "paddingTop": "2rem",
        "position": "relative",
      }
    }
  >
    <div
      className="layoutContainer"
    >
      <div
        className="adminMenu"
      >
        <ul
          className="parent"
        >
          <li>
            <a
              className="link"
              href="/"
              onClick={[Function]}
            >
              <svg
                aria-hidden={true}
                className="MuiSvgIcon-root"
                focusable="false"
                viewBox="0 0 24 24"
              >
                <path
                  d="M16.5 12c1.38 0 2.49-1.12 2.49-2.5S17.88 7 16.5 7C15.12 7 14 8.12 14 9.5s1.12 2.5 2.5 2.5zM9 11c1.66 0 2.99-1.34 2.99-3S10.66 5 9 5C7.34 5 6 6.34 6 8s1.34 3 3 3zm7.5 3c-1.83 0-5.5.92-5.5 2.75V19h11v-2.25c0-1.83-3.67-2.75-5.5-2.75zM9 13c-2.33 0-7 1.17-7 3.5V19h7v-2.25c0-.85.33-2.34 2.37-3.47C10.5 13.1 9.66 13 9 13z"
                />
              </svg>
              <h5>
                Users
              </h5>
            </a>
            <ul
              className="childMenu"
            >
              <li
                className=""
              >
                <a
                  href="/admin-dashboard"
                  onClick={[Function]}
                >
                  Talent
                </a>
              </li>
              <li
                className=""
              >
                <a
                  href="/affiliates"
                  onClick={[Function]}
                >
                  Affiliates
                </a>
              </li>
            </ul>
          </li>
          <li>
            <a
              className="link"
              href="/"
              onClick={[Function]}
            >
              <svg
                aria-hidden={true}
                className="MuiSvgIcon-root"
                focusable="false"
                viewBox="0 0 24 24"
              >
                <path
                  d="M16.5 12c1.38 0 2.49-1.12 2.49-2.5S17.88 7 16.5 7C15.12 7 14 8.12 14 9.5s1.12 2.5 2.5 2.5zM9 11c1.66 0 2.99-1.34 2.99-3S10.66 5 9 5C7.34 5 6 6.34 6 8s1.34 3 3 3zm7.5 3c-1.83 0-5.5.92-5.5 2.75V19h11v-2.25c0-1.83-3.67-2.75-5.5-2.75zM9 13c-2.33 0-7 1.17-7 3.5V19h7v-2.25c0-.85.33-2.34 2.37-3.47C10.5 13.1 9.66 13 9 13z"
                />
              </svg>
              <h5>
                Admins
              </h5>
            </a>
            <ul
              className="childMenu"
            >
              <li
                className=""
              >
                <a
                  href="/recruiter"
                  onClick={[Function]}
                >
                  Recruiter
                </a>
              </li>
              <li
                className=""
              >
                <a
                  href="/education"
                  onClick={[Function]}
                >
                  Education
                </a>
              </li>
            </ul>
          </li>
          <li>
            <a
              className="link"
              href="/"
              onClick={[Function]}
            >
              <svg
                aria-hidden={true}
                className="MuiSvgIcon-root"
                focusable="false"
                viewBox="0 0 24 24"
              >
                <path
                  d="M21.99 4c0-1.1-.89-2-1.99-2H4c-1.1 0-2 .9-2 2v12c0 1.1.9 2 2 2h14l4 4-.01-18zM17 11h-4v4h-2v-4H7V9h4V5h2v4h4v2z"
                />
              </svg>
              <h5>
                Create
              </h5>
            </a>
            <ul
              className="childMenu"
            >
              <li
                className=""
              >
                <a
                  href="/skill"
                  onClick={[Function]}
                >
                  Skills
                </a>
              </li>
              <li
                className=""
              >
                <a
                  href="/"
                  onClick={[Function]}
                >
                  Education
                </a>
              </li>
              <li
                className=""
              >
                <a
                  href="/"
                  onClick={[Function]}
                >
                  Employment
                </a>
              </li>
              <li
                className=""
              >
                <a
                  href="/tests"
                  onClick={[Function]}
                >
                  Tests
                </a>
              </li>
            </ul>
          </li>
        </ul>
      </div>
      <div
        style={
          Object {
            "flexGrow": 1,
            "marginLeft": "20px",
            "position": "relative",
          }
        }
      >
        <div>
          <div
            className="userContainer"
            style={
              Object {
                "border": "none",
              }
            }
          >
            <div
              className="userItemList"
            >
              <div
                className="userNotFound"
              >
                <div
                  className="noItemFound"
                >
                  <div
                    className="notItemImage"
                  >
                    <img
                      alt=""
                      src="itemNotFound.png"
                    />
                  </div>
                  <div
                    className="message"
                  >
                    There are no users
                  </div>
                </div>
              </div>
            </div>
            <ul
              className="userItems userPagination"
            >
              <li
                className="paginationSection"
              >
                <ul>
                  <li
                    className="previous disabled"
                  >
                    <a
                      aria-disabled="true"
                      aria-label="Previous page"
                      onClick={[Function]}
                      onKeyPress={[Function]}
                      role="button"
                      tabIndex="0"
                    >
                      &lt;
                    </a>
                  </li>
                  <li
                    className="active"
                  >
                    <a
                      aria-current="page"
                      aria-label="Page 1 is your current page"
                      onClick={[Function]}
                      onKeyPress={[Function]}
                      role="button"
                      tabIndex="0"
                    >
                      1
                    </a>
                  </li>
                  <li>
                    <a
                      aria-current={null}
                      aria-label="Page 2"
                      onClick={[Function]}
                      onKeyPress={[Function]}
                      role="button"
                      tabIndex="0"
                    >
                      2
                    </a>
                  </li>
                  <li
                    className="next"
                  >
                    <a
                      aria-disabled="false"
                      aria-label="Next page"
                      onClick={[Function]}
                      onKeyPress={[Function]}
                      role="button"
                      tabIndex="0"
                    >
                      &gt;
                    </a>
                  </li>
                </ul>
              </li>
            </ul>
          </div>
        </div>
      </div>
    </div>
  </div>
  <div
    className="customBackground"
  >
    <div
      className="mainBackground"
    >
      <img
        alt=""
        src="motif-image.png"
        style={
          Object {
            "backgroundColor": "none",
          }
        }
      />
    </div>
  </div>
</div>
`;
