// Jest Snapshot v1, https://goo.gl/fbAQLP

exports[`\`Layout\` component matches the snapshot 1`] = `null`;

exports[`\`Layout\` component matches the snapshot on a small screen 1`] = `null`;
