// Jest Snapshot v1, https://goo.gl/fbAQLP

exports[`\`Layout\` component matches the snapshot 1`] = `
<div
  className="dashboard_layout"
>
  <div
    className="grid-container"
  >
    <nav
      className="flex items-center bg-white-800 px-20 py-5 flex-wrap"
    >
      <a
        className="text-gray-800"
        href="/"
        onClick={[Function]}
      >
        <img
          alt="logo"
          className="logo w-24"
          src="logo-image.png"
        />
      </a>
      <div
        className="hidden top-navbar w-full lg:inline-flex lg:flex-grow lg:w-auto"
        id="navigation"
      >
        <div
          className="lg:inline-flex lg:flex-row lg:ml-auto lg:w-auto w-full lg:items-center items-start flex flex-col lg:h-auto"
        >
          <a
            className="lg:inline-flex lg:w-auto w-full px-8 py-2 rounded text-gray-600 items-center justify-center hover:text-gray-700"
            href="/"
            onClick={[Function]}
          >
            <span>
              How it works
            </span>
          </a>
          <a
            className="lg:inline-flex lg:w-auto w-full px-8 py-2 rounded text-gray-600 items-center justify-center hover:text-gray-700"
            href="/"
            onClick={[Function]}
          >
            <span>
              About us
            </span>
          </a>
          <a
            className="lg:inline-flex lg:w-auto w-full px-8 py-2 rounded text-gray-600 items-center justify-center hover:text-gray-700"
            href="/Login"
            onClick={[Function]}
          >
            <span>
              Login
            </span>
          </a>
          <button
            className="lg:inline-flex lg:w-auto w-full px-8 py-2 rounded items-center justify-center bg-getstartColor hover:bg-blue-800 text-white"
            onClick={[Function]}
          >
            <span>
              Get started
            </span>
          </button>
        </div>
      </div>
    </nav>
    <div
      className="main"
    >
      <main>
        <div />
      </main>
      <div
        className="main-background"
      />
    </div>
  </div>
</div>
`;

exports[`\`Layout\` component matches the snapshot on a small screen 1`] = `
<div
  className="dashboard_layout"
>
  <div
    className="grid-container"
  >
    <nav
      className="flex items-center bg-white-800 px-20 py-5 flex-wrap"
    >
      <a
        className="text-gray-800"
        href="/"
        onClick={[Function]}
      >
        <img
          alt="logo"
          className="logo w-24"
          src="logo-image.png"
        />
      </a>
      <div
        className="hidden top-navbar w-full lg:inline-flex lg:flex-grow lg:w-auto"
        id="navigation"
      >
        <div
          className="lg:inline-flex lg:flex-row lg:ml-auto lg:w-auto w-full lg:items-center items-start flex flex-col lg:h-auto"
        >
          <a
            className="lg:inline-flex lg:w-auto w-full px-8 py-2 rounded text-gray-600 items-center justify-center hover:text-gray-700"
            href="/"
            onClick={[Function]}
          >
            <span>
              How it works
            </span>
          </a>
          <a
            className="lg:inline-flex lg:w-auto w-full px-8 py-2 rounded text-gray-600 items-center justify-center hover:text-gray-700"
            href="/"
            onClick={[Function]}
          >
            <span>
              About us
            </span>
          </a>
          <a
            className="lg:inline-flex lg:w-auto w-full px-8 py-2 rounded text-gray-600 items-center justify-center hover:text-gray-700"
            href="/Login"
            onClick={[Function]}
          >
            <span>
              Login
            </span>
          </a>
          <button
            className="lg:inline-flex lg:w-auto w-full px-8 py-2 rounded items-center justify-center bg-getstartColor hover:bg-blue-800 text-white"
            onClick={[Function]}
          >
            <span>
              Get started
            </span>
          </button>
        </div>
      </div>
    </nav>
    <div
      className="main"
    >
      <main>
        <div />
      </main>
      <div
        className="main-background"
      />
    </div>
  </div>
</div>
`;
