// Jest Snapshot v1, https://goo.gl/fbAQLP

exports[`SkillSet should create snapshot 1`] = `
Object {
  "asFragment": [Function],
  "baseElement": <body>
    <div>
      <div
        class="MuiGrid-root MuiGrid-item MuiGrid-grid-xs-6"
      >
        <div
          class="items"
        >
          <div
            class="title"
          >
            <svg
              aria-hidden="true"
              class="MuiSvgIcon-root"
              focusable="false"
              viewBox="0 0 24 24"
            >
              <path
                d="M20 6h-4V4c0-1.11-.89-2-2-2h-4c-1.11 0-2 .89-2 2v2H4c-1.11 0-1.99.89-1.99 2L2 19c0 1.11.89 2 2 2h16c1.11 0 2-.89 2-2V8c0-1.11-.89-2-2-2zm-6 0h-4V4h4v2z"
              />
            </svg>
            <h1>
              Skillset
            </h1>
          </div>
          <div
            class="skillDivider"
          >
            <div
              class="title"
            >
              <h5
                class="beginner"
              >
                Beginners
              </h5>
            </div>
            <div
              class="listItems"
            >
              <ul
                class="p-0 m-2 bg-card-preview"
              >
                <li
                  class="py-2 py-2 rounded-sm"
                >
                  <h5>
                    Typescript
                  </h5>
                  <div
                    class="selectItems"
                  >
                    <select>
                      <option
                        value="verified"
                      >
                        verified
                      </option>
                      <option
                        value="unverified"
                      >
                        unverified
                      </option>
                      <option
                        value="inProgress"
                      >
                        inProgress
                      </option>
                    </select>
                    <span
                      class="customArrow"
                    >
                      <svg
                        aria-hidden="true"
                        class="MuiSvgIcon-root"
                        focusable="false"
                        viewBox="0 0 24 24"
                      >
                        <path
                          d="M7 10l5 5 5-5z"
                        />
                      </svg>
                    </span>
                  </div>
                </li>
              </ul>
            </div>
          </div>
          <div
            class="skillDivider"
          >
            <div
              class="title"
            >
              <h5
                class="intermediate"
              >
                Intermediate
              </h5>
            </div>
            <div
              class="listItems"
            >
              <ul
                class="p-0 m-2 bg-card-preview"
              >
                <li
                  class="py-2 py-2 rounded-sm"
                >
                  <h5>
                    Typescript
                  </h5>
                  <div
                    class="selectItems"
                  >
                    <select>
                      <option
                        value="verified"
                      >
                        verified
                      </option>
                      <option
                        value="unverified"
                      >
                        unverified
                      </option>
                      <option
                        value="inProgress"
                      >
                        inProgress
                      </option>
                    </select>
                    <span
                      class="customArrow"
                    >
                      <svg
                        aria-hidden="true"
                        class="MuiSvgIcon-root"
                        focusable="false"
                        viewBox="0 0 24 24"
                      >
                        <path
                          d="M7 10l5 5 5-5z"
                        />
                      </svg>
                    </span>
                  </div>
                </li>
              </ul>
            </div>
          </div>
          <div
            class="skillDivider"
          >
            <div
              class="title"
            >
              <h5
                class="advanced"
              >
                Advanced
              </h5>
            </div>
            <div
              class="listItems"
            >
              <ul
                class="p-0 m-2 bg-card-preview"
              >
                <li
                  class="py-2 py-2 rounded-sm"
                >
                  <h5>
                    Typescript
                  </h5>
                  <div
                    class="selectItems"
                  >
                    <select>
                      <option
                        value="verified"
                      >
                        verified
                      </option>
                      <option
                        value="unverified"
                      >
                        unverified
                      </option>
                      <option
                        value="inProgress"
                      >
                        inProgress
                      </option>
                    </select>
                    <span
                      class="customArrow"
                    >
                      <svg
                        aria-hidden="true"
                        class="MuiSvgIcon-root"
                        focusable="false"
                        viewBox="0 0 24 24"
                      >
                        <path
                          d="M7 10l5 5 5-5z"
                        />
                      </svg>
                    </span>
                  </div>
                </li>
              </ul>
            </div>
          </div>
        </div>
      </div>
    </div>
  </body>,
  "container": <div>
    <div
      class="MuiGrid-root MuiGrid-item MuiGrid-grid-xs-6"
    >
      <div
        class="items"
      >
        <div
          class="title"
        >
          <svg
            aria-hidden="true"
            class="MuiSvgIcon-root"
            focusable="false"
            viewBox="0 0 24 24"
          >
            <path
              d="M20 6h-4V4c0-1.11-.89-2-2-2h-4c-1.11 0-2 .89-2 2v2H4c-1.11 0-1.99.89-1.99 2L2 19c0 1.11.89 2 2 2h16c1.11 0 2-.89 2-2V8c0-1.11-.89-2-2-2zm-6 0h-4V4h4v2z"
            />
          </svg>
          <h1>
            Skillset
          </h1>
        </div>
        <div
          class="skillDivider"
        >
          <div
            class="title"
          >
            <h5
              class="beginner"
            >
              Beginners
            </h5>
          </div>
          <div
            class="listItems"
          >
            <ul
              class="p-0 m-2 bg-card-preview"
            >
              <li
                class="py-2 py-2 rounded-sm"
              >
                <h5>
                  Typescript
                </h5>
                <div
                  class="selectItems"
                >
                  <select>
                    <option
                      value="verified"
                    >
                      verified
                    </option>
                    <option
                      value="unverified"
                    >
                      unverified
                    </option>
                    <option
                      value="inProgress"
                    >
                      inProgress
                    </option>
                  </select>
                  <span
                    class="customArrow"
                  >
                    <svg
                      aria-hidden="true"
                      class="MuiSvgIcon-root"
                      focusable="false"
                      viewBox="0 0 24 24"
                    >
                      <path
                        d="M7 10l5 5 5-5z"
                      />
                    </svg>
                  </span>
                </div>
              </li>
            </ul>
          </div>
        </div>
        <div
          class="skillDivider"
        >
          <div
            class="title"
          >
            <h5
              class="intermediate"
            >
              Intermediate
            </h5>
          </div>
          <div
            class="listItems"
          >
            <ul
              class="p-0 m-2 bg-card-preview"
            >
              <li
                class="py-2 py-2 rounded-sm"
              >
                <h5>
                  Typescript
                </h5>
                <div
                  class="selectItems"
                >
                  <select>
                    <option
                      value="verified"
                    >
                      verified
                    </option>
                    <option
                      value="unverified"
                    >
                      unverified
                    </option>
                    <option
                      value="inProgress"
                    >
                      inProgress
                    </option>
                  </select>
                  <span
                    class="customArrow"
                  >
                    <svg
                      aria-hidden="true"
                      class="MuiSvgIcon-root"
                      focusable="false"
                      viewBox="0 0 24 24"
                    >
                      <path
                        d="M7 10l5 5 5-5z"
                      />
                    </svg>
                  </span>
                </div>
              </li>
            </ul>
          </div>
        </div>
        <div
          class="skillDivider"
        >
          <div
            class="title"
          >
            <h5
              class="advanced"
            >
              Advanced
            </h5>
          </div>
          <div
            class="listItems"
          >
            <ul
              class="p-0 m-2 bg-card-preview"
            >
              <li
                class="py-2 py-2 rounded-sm"
              >
                <h5>
                  Typescript
                </h5>
                <div
                  class="selectItems"
                >
                  <select>
                    <option
                      value="verified"
                    >
                      verified
                    </option>
                    <option
                      value="unverified"
                    >
                      unverified
                    </option>
                    <option
                      value="inProgress"
                    >
                      inProgress
                    </option>
                  </select>
                  <span
                    class="customArrow"
                  >
                    <svg
                      aria-hidden="true"
                      class="MuiSvgIcon-root"
                      focusable="false"
                      viewBox="0 0 24 24"
                    >
                      <path
                        d="M7 10l5 5 5-5z"
                      />
                    </svg>
                  </span>
                </div>
              </li>
            </ul>
          </div>
        </div>
      </div>
    </div>
  </div>,
  "debug": [Function],
  "findAllByAltText": [Function],
  "findAllByDisplayValue": [Function],
  "findAllByLabelText": [Function],
  "findAllByPlaceholderText": [Function],
  "findAllByRole": [Function],
  "findAllByTestId": [Function],
  "findAllByText": [Function],
  "findAllByTitle": [Function],
  "findByAltText": [Function],
  "findByDisplayValue": [Function],
  "findByLabelText": [Function],
  "findByPlaceholderText": [Function],
  "findByRole": [Function],
  "findByTestId": [Function],
  "findByText": [Function],
  "findByTitle": [Function],
  "getAllByAltText": [Function],
  "getAllByDisplayValue": [Function],
  "getAllByLabelText": [Function],
  "getAllByPlaceholderText": [Function],
  "getAllByRole": [Function],
  "getAllByTestId": [Function],
  "getAllByText": [Function],
  "getAllByTitle": [Function],
  "getByAltText": [Function],
  "getByDisplayValue": [Function],
  "getByLabelText": [Function],
  "getByPlaceholderText": [Function],
  "getByRole": [Function],
  "getByTestId": [Function],
  "getByText": [Function],
  "getByTitle": [Function],
  "queryAllByAltText": [Function],
  "queryAllByDisplayValue": [Function],
  "queryAllByLabelText": [Function],
  "queryAllByPlaceholderText": [Function],
  "queryAllByRole": [Function],
  "queryAllByTestId": [Function],
  "queryAllByText": [Function],
  "queryAllByTitle": [Function],
  "queryByAltText": [Function],
  "queryByDisplayValue": [Function],
  "queryByLabelText": [Function],
  "queryByPlaceholderText": [Function],
  "queryByRole": [Function],
  "queryByTestId": [Function],
  "queryByText": [Function],
  "queryByTitle": [Function],
  "rerender": [Function],
  "unmount": [Function],
}
`;
