// Jest Snapshot v1, https://goo.gl/fbAQLP

exports[`Course Statistic should create snapshot 1`] = `
Object {
  "asFragment": [Function],
  "baseElement": <body>
    <div>
      <div
        class="courseStatistic w-full flex items-center"
      >
        <div
          class="export"
        >
          <button
            class="flex items-center"
            type="button"
          >
            <svg
              aria-hidden="true"
              class="MuiSvgIcon-root"
              focusable="false"
              viewBox="0 0 24 24"
            >
              <path
                d="M5 4v2h14V4H5zm0 10h4v6h6v-6h4l-7-7-7 7z"
              />
            </svg>
            <h5>
              Export
            </h5>
          </button>
        </div>
        <div
          class="statistic"
        >
          <ul>
            <li>
              <a
                href="/accepted-course"
              >
                <small
                  style="color: rgb(161, 161, 161);"
                >
                  Accepted Courses:
                </small>
                <small
                  class="font-bold mx-1"
                  style="color: rgb(77, 155, 98);"
                >
                  4
                </small>
              </a>
            </li>
            <li>
              <a
                href="/pending-course"
              >
                <small
                  style="color: rgb(161, 161, 161);"
                >
                  Pending Courses:
                </small>
                <small
                  class="font-bold mx-1"
                  style="color: rgb(20, 55, 177);"
                >
                  4
                </small>
              </a>
            </li>
            <li>
              <a
                href="/declined-course"
              >
                <small
                  style="color: rgb(161, 161, 161);"
                >
                  Declined Courses:
                </small>
                <small
                  class="font-bold mx-1"
                  style="color: rgb(143, 37, 23);"
                >
                  5
                </small>
              </a>
            </li>
            <li>
              <button
                type="button"
              >
                Create Affiliate
              </button>
            </li>
          </ul>
        </div>
      </div>
    </div>
  </body>,
  "container": <div>
    <div
      class="courseStatistic w-full flex items-center"
    >
      <div
        class="export"
      >
        <button
          class="flex items-center"
          type="button"
        >
          <svg
            aria-hidden="true"
            class="MuiSvgIcon-root"
            focusable="false"
            viewBox="0 0 24 24"
          >
            <path
              d="M5 4v2h14V4H5zm0 10h4v6h6v-6h4l-7-7-7 7z"
            />
          </svg>
          <h5>
            Export
          </h5>
        </button>
      </div>
      <div
        class="statistic"
      >
        <ul>
          <li>
            <a
              href="/accepted-course"
            >
              <small
                style="color: rgb(161, 161, 161);"
              >
                Accepted Courses:
              </small>
              <small
                class="font-bold mx-1"
                style="color: rgb(77, 155, 98);"
              >
                4
              </small>
            </a>
          </li>
          <li>
            <a
              href="/pending-course"
            >
              <small
                style="color: rgb(161, 161, 161);"
              >
                Pending Courses:
              </small>
              <small
                class="font-bold mx-1"
                style="color: rgb(20, 55, 177);"
              >
                4
              </small>
            </a>
          </li>
          <li>
            <a
              href="/declined-course"
            >
              <small
                style="color: rgb(161, 161, 161);"
              >
                Declined Courses:
              </small>
              <small
                class="font-bold mx-1"
                style="color: rgb(143, 37, 23);"
              >
                5
              </small>
            </a>
          </li>
          <li>
            <button
              type="button"
            >
              Create Affiliate
            </button>
          </li>
        </ul>
      </div>
    </div>
  </div>,
  "debug": [Function],
  "findAllByAltText": [Function],
  "findAllByDisplayValue": [Function],
  "findAllByLabelText": [Function],
  "findAllByPlaceholderText": [Function],
  "findAllByRole": [Function],
  "findAllByTestId": [Function],
  "findAllByText": [Function],
  "findAllByTitle": [Function],
  "findByAltText": [Function],
  "findByDisplayValue": [Function],
  "findByLabelText": [Function],
  "findByPlaceholderText": [Function],
  "findByRole": [Function],
  "findByTestId": [Function],
  "findByText": [Function],
  "findByTitle": [Function],
  "getAllByAltText": [Function],
  "getAllByDisplayValue": [Function],
  "getAllByLabelText": [Function],
  "getAllByPlaceholderText": [Function],
  "getAllByRole": [Function],
  "getAllByTestId": [Function],
  "getAllByText": [Function],
  "getAllByTitle": [Function],
  "getByAltText": [Function],
  "getByDisplayValue": [Function],
  "getByLabelText": [Function],
  "getByPlaceholderText": [Function],
  "getByRole": [Function],
  "getByTestId": [Function],
  "getByText": [Function],
  "getByTitle": [Function],
  "queryAllByAltText": [Function],
  "queryAllByDisplayValue": [Function],
  "queryAllByLabelText": [Function],
  "queryAllByPlaceholderText": [Function],
  "queryAllByRole": [Function],
  "queryAllByTestId": [Function],
  "queryAllByText": [Function],
  "queryAllByTitle": [Function],
  "queryByAltText": [Function],
  "queryByDisplayValue": [Function],
  "queryByLabelText": [Function],
  "queryByPlaceholderText": [Function],
  "queryByRole": [Function],
  "queryByTestId": [Function],
  "queryByText": [Function],
  "queryByTitle": [Function],
  "rerender": [Function],
  "unmount": [Function],
}
`;
