// Jest Snapshot v1, https://goo.gl/fbAQLP

exports[`PotentialCandidate should create snapshot 1`] = `
Object {
  "asFragment": [Function],
  "baseElement": <body>
    <div>
      <nav
        class="flex items-center bg-white-800 px-20 py-5 flex-wrap"
      >
        <a
          class="text-gray-800"
          href="/"
        >
          <img
            alt="logo"
            class="logo w-24"
            src="logo-image.png"
          />
        </a>
        <div
          class="hidden top-navbar w-full lg:inline-flex lg:flex-grow lg:w-auto"
          id="navigation"
        >
          <div
            class="lg:inline-flex lg:flex-row lg:ml-auto lg:w-auto w-full lg:items-center items-start flex flex-col lg:h-auto"
          >
            <div>
              <a
                class="lg:inline-flex lg:w-auto w-full px-8 py-2 rounded text-gray-600 items-center justify-center hover:text-gray-700"
                href="/"
              >
                <span>
                  How it works
                </span>
              </a>
              <a
                class="lg:inline-flex lg:w-auto w-full px-8 py-2 rounded text-gray-600 items-center justify-center hover:text-gray-700"
                href="/"
              >
                <span>
                  About us
                </span>
              </a>
            </div>
            <div
              class="lg:inline-flex items-center undefined"
            >
              <div
                class="px-8 lg:inline-flex items-center"
              >
                <div
                  class="makeStyles-root-1"
                >
                  <div>
                    <div
                      aria-haspopup="true"
                      class="notification-container"
                    >
                      <div
                        class="text-gray-600 relative notification-icon"
                      >
                        <div
                          class="bg-white text-red-600 h-3 w-3 rounded-full absolute right-0 top-0 flex items-center justify-center border-red-600 border border-solid"
                          style="font-size: 6px;"
                        >
                          <span>
                            9+
                          </span>
                        </div>
                        <svg
                          aria-hidden="true"
                          class="MuiSvgIcon-root cursor-pointer"
                          focusable="false"
                          style="color: rgb(255, 0, 0);"
                          viewBox="0 0 24 24"
                        >
                          <path
                            d="M12 22c1.1 0 2-.9 2-2h-4c0 1.1.89 2 2 2zm6-6v-5c0-3.07-1.64-5.64-4.5-6.32V4c0-.83-.67-1.5-1.5-1.5s-1.5.67-1.5 1.5v.68C7.63 5.36 6 7.92 6 11v5l-2 2v1h16v-1l-2-2z"
                          />
                        </svg>
                      </div>
                      <div
                        class="header-popup tri-right border right-top hide"
                      >
                        <div
                          class="text-gray-600 w-56 space-x-2 text-sm py-2 flex "
                        >
                          <span
                            class="text-red-600 font-bold"
                          >
                            1
                          </span>
                          <div
                            class="flex flex-col w-full flex-wrap"
                          >
                            <span
                              class="text-red-600 font-bold"
                            >
                              You have been verified
                            </span>
                            <p
                              class="break-normal"
                            >
                              Check your email for the link verification
                            </p>
                          </div>
                        </div>
                        <div
                          class="text-gray-600 w-56 space-x-2 text-sm py-2 flex "
                        >
                          <span
                            class="text-red-600 font-bold"
                          >
                            1
                          </span>
                          <div
                            class="flex flex-col w-full flex-wrap"
                          >
                            <span
                              class="text-red-600 font-bold"
                            >
                              You have been verified
                            </span>
                            <p
                              class="break-normal"
                            >
                              Check your email for the link verification
                            </p>
                          </div>
                        </div>
                      </div>
                    </div>
                  </div>
                </div>
                <div
                  class="text-gray-600 relative"
                >
                  <svg
                    aria-hidden="true"
                    class="MuiSvgIcon-root"
                    focusable="false"
                    viewBox="0 0 24 24"
                  >
                    <path
                      d="M11.99 18.54l-7.37-5.73L3 14.07l9 7 9-7-1.63-1.27-7.38 5.74zM12 16l7.36-5.73L21 9l-9-7-9 7 1.63 1.27L12 16z"
                    />
                  </svg>
                </div>
              </div>
              <div
                class="text-gray-600"
              >
                <span>
                  username
                </span>
              </div>
              <div
                class="makeStyles-root-1"
              >
                <div>
                  <div
                    aria-haspopup="true"
                    class="profile-container"
                  >
                    <div
                      aria-haspopup="true"
                    >
                      <img
                        alt="avatar"
                        class="inline-block ml-2 h-12 w-12 rounded-full text-white shadow-solid cursor-pointer"
                        src="https://cdn.pixabay.com/photo/2015/10/05/22/37/blank-profile-picture-973460_960_720.png"
                      />
                    </div>
                    <div
                      class="header-popup tri-left border right-top hide"
                    >
                      <ul
                        class="MuiList-root MuiList-padding"
                        role="menu"
                        tabindex="-1"
                      >
                        <li
                          aria-disabled="false"
                          class="MuiButtonBase-root MuiListItem-root MuiMenuItem-root text-gray-600 MuiMenuItem-gutters MuiListItem-gutters MuiListItem-button"
                          role="menuitem"
                          tabindex="0"
                        >
                          <div
                            class="text-gray-600 w-56 space-x-3 text-sm py-2"
                          >
                            <svg
                              aria-hidden="true"
                              class="MuiSvgIcon-root"
                              focusable="false"
                              viewBox="0 0 24 24"
                            >
                              <path
                                d="M19.14 12.94c.04-.3.06-.61.06-.94 0-.32-.02-.64-.07-.94l2.03-1.58c.18-.14.23-.41.12-.61l-1.92-3.32c-.12-.22-.37-.29-.59-.22l-2.39.96c-.5-.38-1.03-.7-1.62-.94l-.36-2.54c-.04-.24-.24-.41-.48-.41h-3.84c-.24 0-.43.17-.47.41l-.36 2.54c-.59.24-1.13.57-1.62.94l-2.39-.96c-.22-.08-.47 0-.59.22L2.74 8.87c-.12.21-.08.47.12.61l2.03 1.58c-.05.3-.09.63-.09.94s.02.64.07.94l-2.03 1.58c-.18.14-.23.41-.12.61l1.92 3.32c.12.22.37.29.59.22l2.39-.96c.5.38 1.03.7 1.62.94l.36 2.54c.05.24.24.41.48.41h3.84c.24 0 .44-.17.47-.41l.36-2.54c.59-.24 1.13-.56 1.62-.94l2.39.96c.22.08.47 0 .59-.22l1.92-3.32c.12-.22.07-.47-.12-.61l-2.01-1.58zM12 15.6c-1.98 0-3.6-1.62-3.6-3.6s1.62-3.6 3.6-3.6 3.6 1.62 3.6 3.6-1.62 3.6-3.6 3.6z"
                              />
                            </svg>
                            <span>
                              Settings
                            </span>
                          </div>
                          <span
                            class="MuiTouchRipple-root"
                          />
                        </li>
                        <li
                          aria-disabled="false"
                          class="MuiButtonBase-root MuiListItem-root MuiMenuItem-root text-gray-600 MuiMenuItem-gutters MuiListItem-gutters MuiListItem-button"
                          role="menuitem"
                          tabindex="-1"
                        >
                          <div
                            class="text-gray-600 w-56 space-x-3 text-sm py-2"
                          >
                            <svg
                              aria-hidden="true"
                              class="MuiSvgIcon-root"
                              focusable="false"
                              viewBox="0 0 24 24"
                            >
                              <path
                                d="M13 3h-2v10h2V3zm4.83 2.17l-1.42 1.42C17.99 7.86 19 9.81 19 12c0 3.87-3.13 7-7 7s-7-3.13-7-7c0-2.19 1.01-4.14 2.58-5.42L6.17 5.17C4.23 6.82 3 9.26 3 12c0 4.97 4.03 9 9 9s9-4.03 9-9c0-2.74-1.23-5.18-3.17-6.83z"
                              />
                            </svg>
                            <span>
                              Logout
                            </span>
                          </div>
                          <span
                            class="MuiTouchRipple-root"
                          />
                        </li>
                      </ul>
                    </div>
                  </div>
                </div>
              </div>
            </div>
          </div>
        </div>
      </nav>
      <div
        class="hrAdminLayout"
      >
        <div
          class="MuiContainer-root MuiContainer-maxWidthLg"
        >
          <div
            class="layout"
          >
            <div
              class="itemCenter"
            >
              <div
                class="profileDetail"
              >
                <div
                  class="adminProfile"
                >
                  <div
                    class="coverImage min-w-0 bg-clip-border relative cover-image w-full"
                  >
                    <div
                      class="sideLoading"
                    >
                      <div
                        class="css-6fk06n"
                      />
                    </div>
                  </div>
                  <div
                    class="userDetail"
                  >
                    <div
                      class="username"
                    >
                      username
                    </div>
                  </div>
                </div>
              </div>
              <div
                class="hrAdminChildren"
              >
                <ul
                  class="adminTab"
                >
                  <li
                    class=""
                  >
                    <a
                      href="/hr-dashboard"
                    >
                      <svg
                        aria-hidden="true"
                        class="MuiSvgIcon-root"
                        focusable="false"
                        viewBox="0 0 24 24"
                      >
                        <path
                          d="M23 11.01L18 11c-.55 0-1 .45-1 1v9c0 .55.45 1 1 1h5c.55 0 1-.45 1-1v-9c0-.55-.45-.99-1-.99zM23 20h-5v-7h5v7zM20 2H2C.89 2 0 2.89 0 4v12c0 1.1.89 2 2 2h7v2H7v2h8v-2h-2v-2h2v-2H2V4h18v5h2V4c0-1.11-.9-2-2-2zm-8.03 7L11 6l-.97 3H7l2.47 1.76-.94 2.91 2.47-1.8 2.47 1.8-.94-2.91L15 9h-3.03z"
                        />
                      </svg>
                      <h5>
                        Used code
                      </h5>
                    </a>
                  </li>
                  <li
                    class=""
                  >
                    <a
                      href="/hr/potential-candidate"
                    >
                      <svg
                        aria-hidden="true"
                        class="MuiSvgIcon-root"
                        focusable="false"
                        viewBox="0 0 24 24"
                      >
                        <path
                          d="M12 2C6.48 2 2 6.48 2 12s4.48 10 10 10 10-4.48 10-10S17.52 2 12 2zm0 3c1.66 0 3 1.34 3 3s-1.34 3-3 3-3-1.34-3-3 1.34-3 3-3zm0 14.2c-2.5 0-4.71-1.28-6-3.22.03-1.99 4-3.08 6-3.08 1.99 0 5.97 1.09 6 3.08-1.29 1.94-3.5 3.22-6 3.22z"
                        />
                      </svg>
                      <h5>
                        Potential Candidates
                      </h5>
                    </a>
                  </li>
                  <li
                    class=""
                  >
                    <a
                      href="/hr/code"
                    >
                      <svg
                        aria-hidden="true"
                        class="MuiSvgIcon-root"
                        focusable="false"
                        viewBox="0 0 24 24"
                      >
                        <path
                          d="M9.4 16.6L4.8 12l4.6-4.6L8 6l-6 6 6 6 1.4-1.4zm5.2 0l4.6-4.6-4.6-4.6L16 6l6 6-6 6-1.4-1.4z"
                        />
                      </svg>
                      <h5>
                        codes
                      </h5>
                    </a>
                  </li>
                </ul>
                <div
                  class="hrAdminDashboard"
                >
                  <ul
                    class="ulList w-full flex flex-column bg-card-preview"
                  />
                </div>
              </div>
            </div>
            <div
              class="leftSide"
            >
              <div
                class="item"
              >
                <div
                  class="flex items-center w-full"
                >
                  <svg
                    aria-hidden="true"
                    class="MuiSvgIcon-root"
                    focusable="false"
                    viewBox="0 0 24 24"
                  >
                    <path
                      d="M3.9 12c0-1.71 1.39-3.1 3.1-3.1h4V7H7c-2.76 0-5 2.24-5 5s2.24 5 5 5h4v-1.9H7c-1.71 0-3.1-1.39-3.1-3.1zM8 13h8v-2H8v2zm9-6h-4v1.9h4c1.71 0 3.1 1.39 3.1 3.1s-1.39 3.1-3.1 3.1h-4V17h4c2.76 0 5-2.24 5-5s-2.24-5-5-5z"
                    />
                  </svg>
                  <h5
                    class="mx-2 h5"
                  >
                    Used code
                  </h5>
                </div>
                <ul
                  class="w-full flex bg-card-preview"
                >
                  <li
                    class="flex p-1 px-3 pr-2 rounded-sm items-center justify-between w-full"
                  >
                    <h5
                      data-testid="h5Name"
                    >
                      Used code
                    </h5>
                    1
                  </li>
                </ul>
              </div>
            </div>
          </div>
        </div>
      </div>
      <div
        class="mainBackground"
      >
        <img
          alt=""
          src="motif-image.png"
        />
      </div>
    </div>
  </body>,
  "container": <div>
    <nav
      class="flex items-center bg-white-800 px-20 py-5 flex-wrap"
    >
      <a
        class="text-gray-800"
        href="/"
      >
        <img
          alt="logo"
          class="logo w-24"
          src="logo-image.png"
        />
      </a>
      <div
        class="hidden top-navbar w-full lg:inline-flex lg:flex-grow lg:w-auto"
        id="navigation"
      >
        <div
          class="lg:inline-flex lg:flex-row lg:ml-auto lg:w-auto w-full lg:items-center items-start flex flex-col lg:h-auto"
        >
          <div>
            <a
              class="lg:inline-flex lg:w-auto w-full px-8 py-2 rounded text-gray-600 items-center justify-center hover:text-gray-700"
              href="/"
            >
              <span>
                How it works
              </span>
            </a>
            <a
              class="lg:inline-flex lg:w-auto w-full px-8 py-2 rounded text-gray-600 items-center justify-center hover:text-gray-700"
              href="/"
            >
              <span>
                About us
              </span>
            </a>
          </div>
          <div
            class="lg:inline-flex items-center undefined"
          >
            <div
              class="px-8 lg:inline-flex items-center"
            >
              <div
                class="makeStyles-root-1"
              >
                <div>
                  <div
                    aria-haspopup="true"
                    class="notification-container"
                  >
                    <div
                      class="text-gray-600 relative notification-icon"
                    >
                      <div
                        class="bg-white text-red-600 h-3 w-3 rounded-full absolute right-0 top-0 flex items-center justify-center border-red-600 border border-solid"
                        style="font-size: 6px;"
                      >
                        <span>
                          9+
                        </span>
                      </div>
                      <svg
                        aria-hidden="true"
                        class="MuiSvgIcon-root cursor-pointer"
                        focusable="false"
                        style="color: rgb(255, 0, 0);"
                        viewBox="0 0 24 24"
                      >
                        <path
                          d="M12 22c1.1 0 2-.9 2-2h-4c0 1.1.89 2 2 2zm6-6v-5c0-3.07-1.64-5.64-4.5-6.32V4c0-.83-.67-1.5-1.5-1.5s-1.5.67-1.5 1.5v.68C7.63 5.36 6 7.92 6 11v5l-2 2v1h16v-1l-2-2z"
                        />
                      </svg>
                    </div>
                    <div
                      class="header-popup tri-right border right-top hide"
                    >
                      <div
                        class="text-gray-600 w-56 space-x-2 text-sm py-2 flex "
                      >
                        <span
                          class="text-red-600 font-bold"
                        >
                          1
                        </span>
                        <div
                          class="flex flex-col w-full flex-wrap"
                        >
                          <span
                            class="text-red-600 font-bold"
                          >
                            You have been verified
                          </span>
                          <p
                            class="break-normal"
                          >
                            Check your email for the link verification
                          </p>
                        </div>
                      </div>
                      <div
                        class="text-gray-600 w-56 space-x-2 text-sm py-2 flex "
                      >
                        <span
                          class="text-red-600 font-bold"
                        >
                          1
                        </span>
                        <div
                          class="flex flex-col w-full flex-wrap"
                        >
                          <span
                            class="text-red-600 font-bold"
                          >
                            You have been verified
                          </span>
                          <p
                            class="break-normal"
                          >
                            Check your email for the link verification
                          </p>
                        </div>
                      </div>
                    </div>
                  </div>
                </div>
              </div>
              <div
                class="text-gray-600 relative"
              >
                <svg
                  aria-hidden="true"
                  class="MuiSvgIcon-root"
                  focusable="false"
                  viewBox="0 0 24 24"
                >
                  <path
                    d="M11.99 18.54l-7.37-5.73L3 14.07l9 7 9-7-1.63-1.27-7.38 5.74zM12 16l7.36-5.73L21 9l-9-7-9 7 1.63 1.27L12 16z"
                  />
                </svg>
              </div>
            </div>
            <div
              class="text-gray-600"
            >
              <span>
                username
              </span>
            </div>
            <div
              class="makeStyles-root-1"
            >
              <div>
                <div
                  aria-haspopup="true"
                  class="profile-container"
                >
                  <div
                    aria-haspopup="true"
                  >
                    <img
                      alt="avatar"
                      class="inline-block ml-2 h-12 w-12 rounded-full text-white shadow-solid cursor-pointer"
                      src="https://cdn.pixabay.com/photo/2015/10/05/22/37/blank-profile-picture-973460_960_720.png"
                    />
                  </div>
                  <div
                    class="header-popup tri-left border right-top hide"
                  >
                    <ul
                      class="MuiList-root MuiList-padding"
                      role="menu"
                      tabindex="-1"
                    >
                      <li
                        aria-disabled="false"
                        class="MuiButtonBase-root MuiListItem-root MuiMenuItem-root text-gray-600 MuiMenuItem-gutters MuiListItem-gutters MuiListItem-button"
                        role="menuitem"
                        tabindex="0"
                      >
                        <div
                          class="text-gray-600 w-56 space-x-3 text-sm py-2"
                        >
                          <svg
                            aria-hidden="true"
                            class="MuiSvgIcon-root"
                            focusable="false"
                            viewBox="0 0 24 24"
                          >
                            <path
                              d="M19.14 12.94c.04-.3.06-.61.06-.94 0-.32-.02-.64-.07-.94l2.03-1.58c.18-.14.23-.41.12-.61l-1.92-3.32c-.12-.22-.37-.29-.59-.22l-2.39.96c-.5-.38-1.03-.7-1.62-.94l-.36-2.54c-.04-.24-.24-.41-.48-.41h-3.84c-.24 0-.43.17-.47.41l-.36 2.54c-.59.24-1.13.57-1.62.94l-2.39-.96c-.22-.08-.47 0-.59.22L2.74 8.87c-.12.21-.08.47.12.61l2.03 1.58c-.05.3-.09.63-.09.94s.02.64.07.94l-2.03 1.58c-.18.14-.23.41-.12.61l1.92 3.32c.12.22.37.29.59.22l2.39-.96c.5.38 1.03.7 1.62.94l.36 2.54c.05.24.24.41.48.41h3.84c.24 0 .44-.17.47-.41l.36-2.54c.59-.24 1.13-.56 1.62-.94l2.39.96c.22.08.47 0 .59-.22l1.92-3.32c.12-.22.07-.47-.12-.61l-2.01-1.58zM12 15.6c-1.98 0-3.6-1.62-3.6-3.6s1.62-3.6 3.6-3.6 3.6 1.62 3.6 3.6-1.62 3.6-3.6 3.6z"
                            />
                          </svg>
                          <span>
                            Settings
                          </span>
                        </div>
                        <span
                          class="MuiTouchRipple-root"
                        />
                      </li>
                      <li
                        aria-disabled="false"
                        class="MuiButtonBase-root MuiListItem-root MuiMenuItem-root text-gray-600 MuiMenuItem-gutters MuiListItem-gutters MuiListItem-button"
                        role="menuitem"
                        tabindex="-1"
                      >
                        <div
                          class="text-gray-600 w-56 space-x-3 text-sm py-2"
                        >
                          <svg
                            aria-hidden="true"
                            class="MuiSvgIcon-root"
                            focusable="false"
                            viewBox="0 0 24 24"
                          >
                            <path
                              d="M13 3h-2v10h2V3zm4.83 2.17l-1.42 1.42C17.99 7.86 19 9.81 19 12c0 3.87-3.13 7-7 7s-7-3.13-7-7c0-2.19 1.01-4.14 2.58-5.42L6.17 5.17C4.23 6.82 3 9.26 3 12c0 4.97 4.03 9 9 9s9-4.03 9-9c0-2.74-1.23-5.18-3.17-6.83z"
                            />
                          </svg>
                          <span>
                            Logout
                          </span>
                        </div>
                        <span
                          class="MuiTouchRipple-root"
                        />
                      </li>
                    </ul>
                  </div>
                </div>
              </div>
            </div>
          </div>
        </div>
      </div>
    </nav>
    <div
      class="hrAdminLayout"
    >
      <div
        class="MuiContainer-root MuiContainer-maxWidthLg"
      >
        <div
          class="layout"
        >
          <div
            class="itemCenter"
          >
            <div
              class="profileDetail"
            >
              <div
                class="adminProfile"
              >
                <div
                  class="coverImage min-w-0 bg-clip-border relative cover-image w-full"
                >
                  <div
                    class="sideLoading"
                  >
                    <div
                      class="css-6fk06n"
                    />
                  </div>
                </div>
                <div
                  class="userDetail"
                >
                  <div
                    class="username"
                  >
                    username
                  </div>
                </div>
              </div>
            </div>
            <div
              class="hrAdminChildren"
            >
              <ul
                class="adminTab"
              >
                <li
                  class=""
                >
                  <a
                    href="/hr-dashboard"
                  >
                    <svg
                      aria-hidden="true"
                      class="MuiSvgIcon-root"
                      focusable="false"
                      viewBox="0 0 24 24"
                    >
                      <path
                        d="M23 11.01L18 11c-.55 0-1 .45-1 1v9c0 .55.45 1 1 1h5c.55 0 1-.45 1-1v-9c0-.55-.45-.99-1-.99zM23 20h-5v-7h5v7zM20 2H2C.89 2 0 2.89 0 4v12c0 1.1.89 2 2 2h7v2H7v2h8v-2h-2v-2h2v-2H2V4h18v5h2V4c0-1.11-.9-2-2-2zm-8.03 7L11 6l-.97 3H7l2.47 1.76-.94 2.91 2.47-1.8 2.47 1.8-.94-2.91L15 9h-3.03z"
                      />
                    </svg>
                    <h5>
                      Used code
                    </h5>
                  </a>
                </li>
                <li
                  class=""
                >
                  <a
                    href="/hr/potential-candidate"
                  >
                    <svg
                      aria-hidden="true"
                      class="MuiSvgIcon-root"
                      focusable="false"
                      viewBox="0 0 24 24"
                    >
                      <path
                        d="M12 2C6.48 2 2 6.48 2 12s4.48 10 10 10 10-4.48 10-10S17.52 2 12 2zm0 3c1.66 0 3 1.34 3 3s-1.34 3-3 3-3-1.34-3-3 1.34-3 3-3zm0 14.2c-2.5 0-4.71-1.28-6-3.22.03-1.99 4-3.08 6-3.08 1.99 0 5.97 1.09 6 3.08-1.29 1.94-3.5 3.22-6 3.22z"
                      />
                    </svg>
                    <h5>
                      Potential Candidates
                    </h5>
                  </a>
                </li>
                <li
                  class=""
                >
                  <a
                    href="/hr/code"
                  >
                    <svg
                      aria-hidden="true"
                      class="MuiSvgIcon-root"
                      focusable="false"
                      viewBox="0 0 24 24"
                    >
                      <path
                        d="M9.4 16.6L4.8 12l4.6-4.6L8 6l-6 6 6 6 1.4-1.4zm5.2 0l4.6-4.6-4.6-4.6L16 6l6 6-6 6-1.4-1.4z"
                      />
                    </svg>
                    <h5>
                      codes
                    </h5>
                  </a>
                </li>
              </ul>
              <div
                class="hrAdminDashboard"
              >
                <ul
                  class="ulList w-full flex flex-column bg-card-preview"
                />
              </div>
            </div>
          </div>
          <div
            class="leftSide"
          >
            <div
              class="item"
            >
              <div
                class="flex items-center w-full"
              >
                <svg
                  aria-hidden="true"
                  class="MuiSvgIcon-root"
                  focusable="false"
                  viewBox="0 0 24 24"
                >
                  <path
                    d="M3.9 12c0-1.71 1.39-3.1 3.1-3.1h4V7H7c-2.76 0-5 2.24-5 5s2.24 5 5 5h4v-1.9H7c-1.71 0-3.1-1.39-3.1-3.1zM8 13h8v-2H8v2zm9-6h-4v1.9h4c1.71 0 3.1 1.39 3.1 3.1s-1.39 3.1-3.1 3.1h-4V17h4c2.76 0 5-2.24 5-5s-2.24-5-5-5z"
                  />
                </svg>
                <h5
                  class="mx-2 h5"
                >
                  Used code
                </h5>
              </div>
              <ul
                class="w-full flex bg-card-preview"
              >
                <li
                  class="flex p-1 px-3 pr-2 rounded-sm items-center justify-between w-full"
                >
                  <h5
                    data-testid="h5Name"
                  >
                    Used code
                  </h5>
                  1
                </li>
              </ul>
            </div>
          </div>
        </div>
      </div>
    </div>
    <div
      class="mainBackground"
    >
      <img
        alt=""
        src="motif-image.png"
      />
    </div>
  </div>,
  "debug": [Function],
  "findAllByAltText": [Function],
  "findAllByDisplayValue": [Function],
  "findAllByLabelText": [Function],
  "findAllByPlaceholderText": [Function],
  "findAllByRole": [Function],
  "findAllByTestId": [Function],
  "findAllByText": [Function],
  "findAllByTitle": [Function],
  "findByAltText": [Function],
  "findByDisplayValue": [Function],
  "findByLabelText": [Function],
  "findByPlaceholderText": [Function],
  "findByRole": [Function],
  "findByTestId": [Function],
  "findByText": [Function],
  "findByTitle": [Function],
  "getAllByAltText": [Function],
  "getAllByDisplayValue": [Function],
  "getAllByLabelText": [Function],
  "getAllByPlaceholderText": [Function],
  "getAllByRole": [Function],
  "getAllByTestId": [Function],
  "getAllByText": [Function],
  "getAllByTitle": [Function],
  "getByAltText": [Function],
  "getByDisplayValue": [Function],
  "getByLabelText": [Function],
  "getByPlaceholderText": [Function],
  "getByRole": [Function],
  "getByTestId": [Function],
  "getByText": [Function],
  "getByTitle": [Function],
  "queryAllByAltText": [Function],
  "queryAllByDisplayValue": [Function],
  "queryAllByLabelText": [Function],
  "queryAllByPlaceholderText": [Function],
  "queryAllByRole": [Function],
  "queryAllByTestId": [Function],
  "queryAllByText": [Function],
  "queryAllByTitle": [Function],
  "queryByAltText": [Function],
  "queryByDisplayValue": [Function],
  "queryByLabelText": [Function],
  "queryByPlaceholderText": [Function],
  "queryByRole": [Function],
  "queryByTestId": [Function],
  "queryByText": [Function],
  "queryByTitle": [Function],
  "rerender": [Function],
  "unmount": [Function],
}
`;
