// Jest Snapshot v1, https://goo.gl/fbAQLP

exports[`\`GetHired\` component matches the snapshot 1`] = `
Array [
  <nav
    className="flex items-center bg-white-800 px-20 py-5 flex-wrap"
  >
    <a
      className="text-gray-800"
      href="/"
      onClick={[Function]}
    >
      <img
        alt="logo"
        className="logo w-24"
        src="logo-image.png"
      />
    </a>
    <div
      className="hidden top-navbar w-full lg:inline-flex lg:flex-grow lg:w-auto"
      id="navigation"
    >
      <div
        className="lg:inline-flex lg:flex-row lg:ml-auto lg:w-auto w-full lg:items-center items-start flex flex-col lg:h-auto"
      >
        <div>
          <a
            className="lg:inline-flex lg:w-auto w-full px-8 py-2 rounded text-gray-600 items-center justify-center hover:text-gray-700"
            href="/"
            onClick={[Function]}
          >
            <span>
              How it works
            </span>
          </a>
          <a
            className="lg:inline-flex lg:w-auto w-full px-8 py-2 rounded text-gray-600 items-center justify-center hover:text-gray-700"
            href="/"
            onClick={[Function]}
          >
            <span>
              About us
            </span>
          </a>
        </div>
        <a
          className="lg:inline-flex lg:w-auto w-full px-8 py-2 rounded text-gray-600 items-center justify-center hover:text-gray-700"
          href="/Login"
          onClick={[Function]}
        >
          <span>
            Login
          </span>
        </a>
        <button
          className="lg:inline-flex lg:w-auto w-full px-8 py-2 rounded items-center justify-center bg-getstartColor hover:bg-blue-800 text-white"
          onClick={[Function]}
        >
          <span>
            Get started
          </span>
        </button>
      </div>
    </div>
  </nav>,
  <section
    className="get-hired-section w-1/3 m-auto text-textGray"
  >
    <div
      className="flex relative h-auto my-8"
    >
      <div
        className="back-arrow cursor-pointer"
      >
        <svg
          aria-hidden={true}
          className="MuiSvgIcon-root"
          focusable="false"
          viewBox="0 0 24 24"
        >
          <path
            d="M20 11H7.83l5.59-5.59L12 4l-8 8 8 8 1.41-1.41L7.83 13H20v-2z"
          />
        </svg>
      </div>
      <div
        className="font-bold text-xl text-white title"
      >
        <h2>
          Get Hired
        </h2>
      </div>
    </div>
    <div
      className="flex justify-center items-center flex-col mt-16"
    >
      <div
        className="text-white percent-card flex justify-center items-center "
      >
        <div>
          <span>
            86
          </span>
          <span>
            %
          </span>
        </div>
        <svg
          aria-hidden={true}
          className="MuiSvgIcon-root check-icon MuiSvgIcon-fontSizeLarge"
          focusable="false"
          viewBox="0 0 24 24"
        >
          <path
            d="M12 1L3 5v6c0 5.55 3.84 10.74 9 12 5.16-1.26 9-6.45 9-12V5l-9-4zm-2 16l-4-4 1.41-1.41L10 14.17l6.59-6.59L18 9l-8 8z"
          />
        </svg>
      </div>
      <div
        className="w-3/5 text-center mt-5 font-bold"
      >
        Employers are 86% more likely to hire certified and verified talent.
      </div>
      <div
        className="w-full mt-8 px-12 py-3 verified-checks"
      >
        <div
          className="flex justify-between items-center my-3"
        >
          <span>
            Skill Certifications
          </span>
          <svg
            aria-hidden={true}
            className="MuiSvgIcon-root check-circle-icon MuiSvgIcon-fontSizeSmall"
            focusable="false"
            viewBox="0 0 24 24"
          >
            <path
              d="M12 2C6.48 2 2 6.48 2 12s4.48 10 10 10 10-4.48 10-10S17.52 2 12 2zm-2 15l-5-5 1.41-1.41L10 14.17l7.59-7.59L19 8l-9 9z"
            />
          </svg>
        </div>
        <div
          className="flex justify-between items-center my-3"
        >
          <span>
            Employment Verification
          </span>
          <svg
            aria-hidden={true}
            className="MuiSvgIcon-root check-circle-icon MuiSvgIcon-fontSizeSmall"
            focusable="false"
            viewBox="0 0 24 24"
          >
            <path
              d="M12 2C6.48 2 2 6.48 2 12s4.48 10 10 10 10-4.48 10-10S17.52 2 12 2zm-2 15l-5-5 1.41-1.41L10 14.17l7.59-7.59L19 8l-9 9z"
            />
          </svg>
        </div>
        <div
          className="flex justify-between items-center my-3"
        >
          <span>
            Education Verification
          </span>
          <svg
            aria-hidden={true}
            className="MuiSvgIcon-root check-circle-icon MuiSvgIcon-fontSizeSmall"
            focusable="false"
            viewBox="0 0 24 24"
          >
            <path
              d="M12 2C6.48 2 2 6.48 2 12s4.48 10 10 10 10-4.48 10-10S17.52 2 12 2zm-2 15l-5-5 1.41-1.41L10 14.17l7.59-7.59L19 8l-9 9z"
            />
          </svg>
        </div>
      </div>
    </div>
    <div
      className="flex justify-center mt-12"
    >
      <button
        className="next-btn text-white hover:bg-gray-800 font-semibold py-1 px-3 w-32 rounded-sm shadow flex justify-around"
        data-testid="next-button"
        onClick={[Function]}
        type="button"
      >
        <span
          className=""
        >
          Next
        </span>
         
        <svg
          aria-hidden={true}
          className="MuiSvgIcon-root"
          focusable="false"
          viewBox="0 0 24 24"
        >
          <path
            d="M16.01 11H4v2h12.01v3L20 12l-3.99-4v3z"
          />
        </svg>
      </button>
    </div>
  </section>,
  <div
    className="mainBackground"
  >
    <img
      alt=""
      src="motif-image.png"
    />
  </div>,
]
`;
